// Vitest Snapshot v1, https://vitest.dev/guide/snapshot.html

exports[`react-marquease > renders 1`] = `
<DocumentFragment>
  <div
    style="position: relative; overflow: clip; height: 0px;"
  >
    <div
      style="position: absolute; top: -9999px; left: -9999px;"
    >
      Test
    </div>
    <div
      aria-hidden="true"
      data-qa="scroller"
    >
      <div
        data-marquee-child="0"
        style="position: absolute; top: 0px; transform: translateX(0px);"
      >
        Test
      </div>
      <div
        data-marquee-child="1"
        style="position: absolute; top: 0px; transform: translateX(0px);"
      >
        Test
      </div>
    </div>
  </div>
</DocumentFragment>
`;
